Archive member included to satisfy reference by file (symbol)

/opt/gcc-arm-none-eabi-7-2017-q4-major/bin/../lib/gcc/arm-none-eabi/7.2.1/../../../../arm-none-eabi/lib/thumb/v7e-m/libg_nano.a(lib_a-errno.o)
                              ./system/src/newlib/_sbrk.o (__errno)
/opt/gcc-arm-none-eabi-7-2017-q4-major/bin/../lib/gcc/arm-none-eabi/7.2.1/../../../../arm-none-eabi/lib/thumb/v7e-m/libg_nano.a(lib_a-impure.o)
                              /opt/gcc-arm-none-eabi-7-2017-q4-major/bin/../lib/gcc/arm-none-eabi/7.2.1/../../../../arm-none-eabi/lib/thumb/v7e-m/libg_nano.a(lib_a-errno.o) (_impure_ptr)
/opt/gcc-arm-none-eabi-7-2017-q4-major/bin/../lib/gcc/arm-none-eabi/7.2.1/../../../../arm-none-eabi/lib/thumb/v7e-m/libg_nano.a(lib_a-strlen.o)
                              ./system/src/diag/Trace.o (strlen)
/opt/gcc-arm-none-eabi-7-2017-q4-major/bin/../lib/gcc/arm-none-eabi/7.2.1/../../../../arm-none-eabi/lib/thumb/v7e-m/libg_nano.a(lib_a-vsnprintf.o)
                              ./system/src/diag/Trace.o (vsnprintf)
/opt/gcc-arm-none-eabi-7-2017-q4-major/bin/../lib/gcc/arm-none-eabi/7.2.1/../../../../arm-none-eabi/lib/thumb/v7e-m/libg_nano.a(lib_a-nano-svfprintf.o)
                              /opt/gcc-arm-none-eabi-7-2017-q4-major/bin/../lib/gcc/arm-none-eabi/7.2.1/../../../../arm-none-eabi/lib/thumb/v7e-m/libg_nano.a(lib_a-vsnprintf.o) (_svfprintf_r)
/opt/gcc-arm-none-eabi-7-2017-q4-major/bin/../lib/gcc/arm-none-eabi/7.2.1/../../../../arm-none-eabi/lib/thumb/v7e-m/libg_nano.a(lib_a-nano-vfprintf_i.o)
                              /opt/gcc-arm-none-eabi-7-2017-q4-major/bin/../lib/gcc/arm-none-eabi/7.2.1/../../../../arm-none-eabi/lib/thumb/v7e-m/libg_nano.a(lib_a-nano-svfprintf.o) (_printf_i)
/opt/gcc-arm-none-eabi-7-2017-q4-major/bin/../lib/gcc/arm-none-eabi/7.2.1/../../../../arm-none-eabi/lib/thumb/v7e-m/libg_nano.a(lib_a-memchr.o)
                              /opt/gcc-arm-none-eabi-7-2017-q4-major/bin/../lib/gcc/arm-none-eabi/7.2.1/../../../../arm-none-eabi/lib/thumb/v7e-m/libg_nano.a(lib_a-nano-svfprintf.o) (memchr)
/opt/gcc-arm-none-eabi-7-2017-q4-major/bin/../lib/gcc/arm-none-eabi/7.2.1/../../../../arm-none-eabi/lib/thumb/v7e-m/libg_nano.a(lib_a-memcpy-stub.o)
                              /opt/gcc-arm-none-eabi-7-2017-q4-major/bin/../lib/gcc/arm-none-eabi/7.2.1/../../../../arm-none-eabi/lib/thumb/v7e-m/libg_nano.a(lib_a-nano-svfprintf.o) (memcpy)
/opt/gcc-arm-none-eabi-7-2017-q4-major/bin/../lib/gcc/arm-none-eabi/7.2.1/../../../../arm-none-eabi/lib/thumb/v7e-m/libg_nano.a(lib_a-memmove.o)
                              /opt/gcc-arm-none-eabi-7-2017-q4-major/bin/../lib/gcc/arm-none-eabi/7.2.1/../../../../arm-none-eabi/lib/thumb/v7e-m/libg_nano.a(lib_a-nano-svfprintf.o) (memmove)
/opt/gcc-arm-none-eabi-7-2017-q4-major/bin/../lib/gcc/arm-none-eabi/7.2.1/../../../../arm-none-eabi/lib/thumb/v7e-m/libg_nano.a(lib_a-nano-freer.o)
                              /opt/gcc-arm-none-eabi-7-2017-q4-major/bin/../lib/gcc/arm-none-eabi/7.2.1/../../../../arm-none-eabi/lib/thumb/v7e-m/libg_nano.a(lib_a-nano-svfprintf.o) (_free_r)
/opt/gcc-arm-none-eabi-7-2017-q4-major/bin/../lib/gcc/arm-none-eabi/7.2.1/../../../../arm-none-eabi/lib/thumb/v7e-m/libg_nano.a(lib_a-nano-mallocr.o)
                              /opt/gcc-arm-none-eabi-7-2017-q4-major/bin/../lib/gcc/arm-none-eabi/7.2.1/../../../../arm-none-eabi/lib/thumb/v7e-m/libg_nano.a(lib_a-nano-svfprintf.o) (_malloc_r)
/opt/gcc-arm-none-eabi-7-2017-q4-major/bin/../lib/gcc/arm-none-eabi/7.2.1/../../../../arm-none-eabi/lib/thumb/v7e-m/libg_nano.a(lib_a-nano-reallocr.o)
                              /opt/gcc-arm-none-eabi-7-2017-q4-major/bin/../lib/gcc/arm-none-eabi/7.2.1/../../../../arm-none-eabi/lib/thumb/v7e-m/libg_nano.a(lib_a-nano-svfprintf.o) (_realloc_r)
/opt/gcc-arm-none-eabi-7-2017-q4-major/bin/../lib/gcc/arm-none-eabi/7.2.1/../../../../arm-none-eabi/lib/thumb/v7e-m/libg_nano.a(lib_a-sbrkr.o)
                              /opt/gcc-arm-none-eabi-7-2017-q4-major/bin/../lib/gcc/arm-none-eabi/7.2.1/../../../../arm-none-eabi/lib/thumb/v7e-m/libg_nano.a(lib_a-nano-mallocr.o) (_sbrk_r)
/opt/gcc-arm-none-eabi-7-2017-q4-major/bin/../lib/gcc/arm-none-eabi/7.2.1/../../../../arm-none-eabi/lib/thumb/v7e-m/libg_nano.a(lib_a-mlock.o)
                              /opt/gcc-arm-none-eabi-7-2017-q4-major/bin/../lib/gcc/arm-none-eabi/7.2.1/../../../../arm-none-eabi/lib/thumb/v7e-m/libg_nano.a(lib_a-nano-freer.o) (__malloc_lock)
/opt/gcc-arm-none-eabi-7-2017-q4-major/bin/../lib/gcc/arm-none-eabi/7.2.1/../../../../arm-none-eabi/lib/thumb/v7e-m/libg_nano.a(lib_a-nano-msizer.o)
                              /opt/gcc-arm-none-eabi-7-2017-q4-major/bin/../lib/gcc/arm-none-eabi/7.2.1/../../../../arm-none-eabi/lib/thumb/v7e-m/libg_nano.a(lib_a-nano-reallocr.o) (_malloc_usable_size_r)

Allocating common symbols
Common symbol       size              file

errno               0x4               ./system/src/newlib/_syscalls.o

Discarded input sections

[...]
Memory Configuration

Name             Origin             Length             Attributes
RAM              0x0000000020000000 0x000000000000a000 xrw
CCMRAM           0x0000000010000000 0x0000000000002000 xrw
FLASH            0x0000000008000000 0x0000000000040000 xr
FLASHB1          0x0000000000000000 0x0000000000000000 xr
EXTMEMB0         0x0000000000000000 0x0000000000000000 xr
EXTMEMB1         0x0000000000000000 0x0000000000000000 xr
EXTMEMB2         0x0000000000000000 0x0000000000000000 xr
EXTMEMB3         0x0000000000000000 0x0000000000000000 xr
MEMORY_ARRAY     0x0000000020002000 0x0000000000000000 xrw
*default*        0x0000000000000000 0xffffffffffffffff

Linker script and memory map

LOAD ./system/src/stm32f3-stdperiph/stm32f30x_gpio.o
LOAD ./system/src/stm32f3-stdperiph/stm32f30x_rcc.o
LOAD ./system/src/newlib/_cxx.o
LOAD ./system/src/newlib/_exit.o
LOAD ./system/src/newlib/_sbrk.o
LOAD ./system/src/newlib/_startup.o
LOAD ./system/src/newlib/_syscalls.o
LOAD ./system/src/newlib/assert.o
LOAD ./system/src/diag/Trace.o
LOAD ./system/src/diag/trace_impl.o
LOAD ./system/src/cortexm/_initialize_hardware.o
LOAD ./system/src/cortexm/_reset_hardware.o
LOAD ./system/src/cortexm/exception_handlers.o
LOAD ./system/src/cmsis/system_stm32f30x.o
LOAD ./system/src/cmsis/vectors_stm32f30x.o
LOAD ./src/_write.o
LOAD ./src/main.o
LOAD /opt/gcc-arm-none-eabi-7-2017-q4-major/bin/../lib/gcc/arm-none-eabi/7.2.1/../../../../arm-none-eabi/lib/thumb/v7e-m/libstdc++_nano.a
LOAD /opt/gcc-arm-none-eabi-7-2017-q4-major/bin/../lib/gcc/arm-none-eabi/7.2.1/../../../../arm-none-eabi/lib/thumb/v7e-m/libm.a
START GROUP
LOAD /opt/gcc-arm-none-eabi-7-2017-q4-major/bin/../lib/gcc/arm-none-eabi/7.2.1/thumb/v7e-m/libgcc.a
LOAD /opt/gcc-arm-none-eabi-7-2017-q4-major/bin/../lib/gcc/arm-none-eabi/7.2.1/../../../../arm-none-eabi/lib/thumb/v7e-m/libg_nano.a
LOAD /opt/gcc-arm-none-eabi-7-2017-q4-major/bin/../lib/gcc/arm-none-eabi/7.2.1/../../../../arm-none-eabi/lib/thumb/v7e-m/libc_nano.a
END GROUP
START GROUP
LOAD /opt/gcc-arm-none-eabi-7-2017-q4-major/bin/../lib/gcc/arm-none-eabi/7.2.1/thumb/v7e-m/libgcc.a
LOAD /opt/gcc-arm-none-eabi-7-2017-q4-major/bin/../lib/gcc/arm-none-eabi/7.2.1/../../../../arm-none-eabi/lib/thumb/v7e-m/libc_nano.a
END GROUP
                0x000000002000a000                __stack = (ORIGIN (RAM) + LENGTH (RAM))
                0x000000002000a000                _estack = __stack
                0x0000000000000400                __Main_Stack_Size = 0x400
                [!provide]                        PROVIDE (_Main_Stack_Size, __Main_Stack_Size)
                0x0000000020009c00                __Main_Stack_Limit = (__stack - __Main_Stack_Size)
                [!provide]                        PROVIDE (_Main_Stack_Limit, __Main_Stack_Limit)
                0x0000000000000100                _Minimum_Stack_Size = 0x100
                0x0000000020000124                PROVIDE (_Heap_Begin, _end_noinit)
                0x0000000020009c00                PROVIDE (_Heap_Limit, (__stack - __Main_Stack_Size))

.isr_vector     0x0000000008000000      0x3e8
 FILL mask 0xff
                0x0000000008000000                __vectors_start = ABSOLUTE (.)
                0x0000000008000000                __vectors_start__ = ABSOLUTE (.)
 *(.isr_vector)
 .isr_vector    0x0000000008000000      0x188 ./system/src/cmsis/vectors_stm32f30x.o
                0x0000000008000000                __isr_vectors
 *(.cfmconfig)
 *(.after_vectors .after_vectors.*)
 .after_vectors
                0x0000000008000188      0x130 ./system/src/newlib/_startup.o
                0x0000000008000188                _start
 .after_vectors
                0x00000000080002b8      0x12c ./system/src/cortexm/exception_handlers.o
                0x00000000080002b8                Reset_Handler
                0x00000000080002be                NMI_Handler
                0x00000000080002c2                HardFault_Handler
                0x00000000080002d6                HardFault_Handler_C
                0x0000000008000334                MemManage_Handler
                0x0000000008000338                BusFault_Handler
                0x000000000800034c                BusFault_Handler_C
                0x0000000008000380                UsageFault_Handler
                0x0000000008000394                UsageFault_Handler_C
                0x00000000080003c8                SVC_Handler
                0x00000000080003cc                DebugMon_Handler
                0x00000000080003d0                PendSV_Handler
                0x00000000080003d4                SysTick_Handler
 .after_vectors
                0x00000000080003e4        0x4 ./system/src/cmsis/vectors_stm32f30x.o
                0x00000000080003e4                RTC_Alarm_IRQHandler
                0x00000000080003e4                TIM8_TRG_COM_IRQHandler
                0x00000000080003e4                TIM8_CC_IRQHandler
                0x00000000080003e4                TIM1_CC_IRQHandler
                0x00000000080003e4                USB_HP_IRQHandler
                0x00000000080003e4                PVD_IRQHandler
                0x00000000080003e4                EXTI3_IRQHandler
                0x00000000080003e4                EXTI0_IRQHandler
                0x00000000080003e4                I2C2_EV_IRQHandler
                0x00000000080003e4                FPU_IRQHandler
                0x00000000080003e4                EXTI2_TS_IRQHandler
                0x00000000080003e4                TIM1_UP_TIM16_IRQHandler
                0x00000000080003e4                ADC1_2_IRQHandler
                0x00000000080003e4                SPI1_IRQHandler
                0x00000000080003e4                TIM6_DAC_IRQHandler
                0x00000000080003e4                TIM8_UP_IRQHandler
                0x00000000080003e4                DMA2_Channel2_IRQHandler
                0x00000000080003e4                DMA1_Channel4_IRQHandler
                0x00000000080003e4                USART3_IRQHandler
                0x00000000080003e4                DMA1_Channel7_IRQHandler
                0x00000000080003e4                CAN1_RX1_IRQHandler
                0x00000000080003e4                UART5_IRQHandler
                0x00000000080003e4                ADC3_IRQHandler
                0x00000000080003e4                TIM4_IRQHandler
                0x00000000080003e4                DMA2_Channel1_IRQHandler
                0x00000000080003e4                I2C1_EV_IRQHandler
                0x00000000080003e4                DMA1_Channel6_IRQHandler
                0x00000000080003e4                UART4_IRQHandler
                0x00000000080003e4                DMA2_Channel4_IRQHandler
                0x00000000080003e4                TIM3_IRQHandler
                0x00000000080003e4                RCC_IRQHandler
                0x00000000080003e4                DMA1_Channel1_IRQHandler
                0x00000000080003e4                Default_Handler
                0x00000000080003e4                USBWakeUp_RMP_IRQHandler
                0x00000000080003e4                EXTI15_10_IRQHandler
                0x00000000080003e4                TIM7_IRQHandler
                0x00000000080003e4                EXTI9_5_IRQHandler
                0x00000000080003e4                TAMPER_STAMP_IRQHandler
                0x00000000080003e4                RTC_WKUP_IRQHandler
                0x00000000080003e4                SPI2_IRQHandler
                0x00000000080003e4                DMA2_Channel5_IRQHandler
                0x00000000080003e4                DMA1_Channel5_IRQHandler
                0x00000000080003e4                USB_LP_IRQHandler
                0x00000000080003e4                EXTI4_IRQHandler
                0x00000000080003e4                USB_LP_CAN1_RX0_IRQHandler
                0x00000000080003e4                TIM1_TRG_COM_TIM17_IRQHandler
                0x00000000080003e4                USB_HP_CAN1_TX_IRQHandler
                0x00000000080003e4                DMA1_Channel3_IRQHandler
                0x00000000080003e4                ADC4_IRQHandler
                0x00000000080003e4                WWDG_IRQHandler
                0x00000000080003e4                TIM2_IRQHandler
                0x00000000080003e4                COMP7_IRQHandler
                0x00000000080003e4                COMP1_2_3_IRQHandler
                0x00000000080003e4                EXTI1_IRQHandler
                0x00000000080003e4                USART2_IRQHandler
                0x00000000080003e4                COMP4_5_6_IRQHandler
                0x00000000080003e4                I2C2_ER_IRQHandler
                0x00000000080003e4                DMA1_Channel2_IRQHandler
                0x00000000080003e4                TIM8_BRK_IRQHandler
                0x00000000080003e4                CAN1_SCE_IRQHandler
                0x00000000080003e4                FLASH_IRQHandler
                0x00000000080003e4                USART1_IRQHandler
                0x00000000080003e4                SPI3_IRQHandler
                0x00000000080003e4                I2C1_ER_IRQHandler
                0x00000000080003e4                USBWakeUp_IRQHandler
                0x00000000080003e4                DMA2_Channel3_IRQHandler
                0x00000000080003e4                TIM1_BRK_TIM15_IRQHandler

.inits          0x00000000080003e8       0x28
                0x00000000080003e8                __data_regions_array_start = .
                0x00000000080003e8        0x4 LONG 0x80012c4 LOADADDR (.data)
                0x00000000080003ec        0x4 LONG 0x20000000 ADDR (.data)
                0x00000000080003f0        0x4 LONG 0x20000088 (ADDR (.data) + SIZEOF (.data))
                0x00000000080003f4        0x4 LONG 0x80012c4 LOADADDR (.data_CCMRAM)
                0x00000000080003f8        0x4 LONG 0x10000000 ADDR (.data_CCMRAM)
                0x00000000080003fc        0x4 LONG 0x10000000 (ADDR (.data_CCMRAM) + SIZEOF (.data_CCMRAM))
                0x0000000008000400                __data_regions_array_end = .
                0x0000000008000400                __bss_regions_array_start = .
                0x0000000008000400        0x4 LONG 0x20000088 ADDR (.bss)
                0x0000000008000404        0x4 LONG 0x20000124 (ADDR (.bss) + SIZEOF (.bss))
                0x0000000008000408        0x4 LONG 0x10000000 ADDR (.bss_CCMRAM)
                0x000000000800040c        0x4 LONG 0x10000000 (ADDR (.bss_CCMRAM) + SIZEOF (.bss_CCMRAM))
                0x0000000008000410                __bss_regions_array_end = .
 *(.init)
 *(.fini)
                0x0000000008000410                . = ALIGN (0x4)
                0x0000000008000410                PROVIDE (__preinit_array_start, .)
 *(.preinit_array_sysinit .preinit_array_sysinit.*)
 *(.preinit_array_platform .preinit_array_platform.*)
 *(.preinit_array .preinit_array.*)
                0x0000000008000410                PROVIDE (__preinit_array_end, .)
                0x0000000008000410                . = ALIGN (0x4)
                0x0000000008000410                PROVIDE (__init_array_start, .)
 *(SORT_BY_NAME(.init_array.*))
 *(.init_array)
                0x0000000008000410                PROVIDE (__init_array_end, .)
                0x0000000008000410                . = ALIGN (0x4)
                0x0000000008000410                PROVIDE (__fini_array_start, .)
 *(SORT_BY_NAME(.fini_array.*))
 *(.fini_array)
                0x0000000008000410                PROVIDE (__fini_array_end, .)

.flashtext
 *(.flashtext .flashtext.*)

.text           0x0000000008000410      0xeb3
 *(.text .text.*)
 .text._exit    0x0000000008000410        0x2 ./system/src/newlib/_exit.o
                0x0000000008000410                _exit
 *fill*         0x0000000008000412        0x2 
 .text._sbrk    0x0000000008000414       0x44 ./system/src/newlib/_sbrk.o
                0x0000000008000414                _sbrk
 .text.__initialize_args
                0x0000000008000458       0x10 ./system/src/newlib/_syscalls.o
                0x0000000008000458                __initialize_args
 .text.trace_printf
                0x0000000008000468       0x30 ./system/src/diag/Trace.o
                0x0000000008000468                trace_printf
 .text._trace_write_semihosting_debug
                0x0000000008000498       0x60 ./system/src/diag/trace_impl.o
 .text.trace_write
                0x00000000080004f8        0x8 ./system/src/diag/trace_impl.o
                0x00000000080004f8                trace_write
 .text.__initialize_hardware_early
                0x0000000008000500       0x18 ./system/src/cortexm/_initialize_hardware.o
                0x0000000008000500                __initialize_hardware_early
 .text.__initialize_hardware
                0x0000000008000518        0x8 ./system/src/cortexm/_initialize_hardware.o
                0x0000000008000518                __initialize_hardware
 .text.dumpExceptionStack
                0x0000000008000520       0xf4 ./system/src/cortexm/exception_handlers.o
                0x0000000008000520                dumpExceptionStack
 .text.isSemihosting
                0x0000000008000614       0x20 ./system/src/cortexm/exception_handlers.o
                0x0000000008000614                isSemihosting
 .text.SetSysClock
                0x0000000008000634       0xb0 ./system/src/cmsis/system_stm32f30x.o
 .text.SystemInit
                0x00000000080006e4       0x64 ./system/src/cmsis/system_stm32f30x.o
                0x00000000080006e4                SystemInit
 .text.SystemCoreClockUpdate
                0x0000000008000748       0x8c ./system/src/cmsis/system_stm32f30x.o
                0x0000000008000748                SystemCoreClockUpdate
 .text.waitMoment
                0x00000000080007d4       0x1e ./src/main.o
                0x00000000080007d4                waitMoment
 *fill*         0x00000000080007f2        0x2 
 .text.main     0x00000000080007f4       0x68 ./src/main.o
                0x00000000080007f4                main
 .text.__errno  0x000000000800085c        0xc /opt/gcc-arm-none-eabi-7-2017-q4-major/bin/../lib/gcc/arm-none-eabi/7.2.1/../../../../arm-none-eabi/lib/thumb/v7e-m/libg_nano.a(lib_a-errno.o)
                0x000000000800085c                __errno
 .text._vsnprintf_r
                0x0000000008000868       0x58 /opt/gcc-arm-none-eabi-7-2017-q4-major/bin/../lib/gcc/arm-none-eabi/7.2.1/../../../../arm-none-eabi/lib/thumb/v7e-m/libg_nano.a(lib_a-vsnprintf.o)
                0x0000000008000868                _vsnprintf_r
                0x0000000008000868                _vsniprintf_r
 .text.vsnprintf
                0x00000000080008c0       0x1c /opt/gcc-arm-none-eabi-7-2017-q4-major/bin/../lib/gcc/arm-none-eabi/7.2.1/../../../../arm-none-eabi/lib/thumb/v7e-m/libg_nano.a(lib_a-vsnprintf.o)
                0x00000000080008c0                vsnprintf
                0x00000000080008c0                vsniprintf
 .text.__ssputs_r
                0x00000000080008dc       0xb4 /opt/gcc-arm-none-eabi-7-2017-q4-major/bin/../lib/gcc/arm-none-eabi/7.2.1/../../../../arm-none-eabi/lib/thumb/v7e-m/libg_nano.a(lib_a-nano-svfprintf.o)
                0x00000000080008dc                __ssputs_r
 .text._svfprintf_r
                0x0000000008000990      0x1ec /opt/gcc-arm-none-eabi-7-2017-q4-major/bin/../lib/gcc/arm-none-eabi/7.2.1/../../../../arm-none-eabi/lib/thumb/v7e-m/libg_nano.a(lib_a-nano-svfprintf.o)
                0x0000000008000990                _svfprintf_r
                0x0000000008000990                _svfiprintf_r
 .text._printf_common
                0x0000000008000b7c       0xea /opt/gcc-arm-none-eabi-7-2017-q4-major/bin/../lib/gcc/arm-none-eabi/7.2.1/../../../../arm-none-eabi/lib/thumb/v7e-m/libg_nano.a(lib_a-nano-vfprintf_i.o)
                0x0000000008000b7c                _printf_common
 *fill*         0x0000000008000c66        0x2 
 .text._printf_i
                0x0000000008000c68      0x224 /opt/gcc-arm-none-eabi-7-2017-q4-major/bin/../lib/gcc/arm-none-eabi/7.2.1/../../../../arm-none-eabi/lib/thumb/v7e-m/libg_nano.a(lib_a-nano-vfprintf_i.o)
                0x0000000008000c68                _printf_i
 *fill*         0x0000000008000e8c        0x4 
 .text          0x0000000008000e90       0xa0 /opt/gcc-arm-none-eabi-7-2017-q4-major/bin/../lib/gcc/arm-none-eabi/7.2.1/../../../../arm-none-eabi/lib/thumb/v7e-m/libg_nano.a(lib_a-memchr.o)
                0x0000000008000e90                memchr
 .text.memcpy   0x0000000008000f30       0x16 /opt/gcc-arm-none-eabi-7-2017-q4-major/bin/../lib/gcc/arm-none-eabi/7.2.1/../../../../arm-none-eabi/lib/thumb/v7e-m/libg_nano.a(lib_a-memcpy-stub.o)
                0x0000000008000f30                memcpy
 .text.memmove  0x0000000008000f46       0x32 /opt/gcc-arm-none-eabi-7-2017-q4-major/bin/../lib/gcc/arm-none-eabi/7.2.1/../../../../arm-none-eabi/lib/thumb/v7e-m/libg_nano.a(lib_a-memmove.o)
                0x0000000008000f46                memmove
 .text._free_r  0x0000000008000f78       0x9c /opt/gcc-arm-none-eabi-7-2017-q4-major/bin/../lib/gcc/arm-none-eabi/7.2.1/../../../../arm-none-eabi/lib/thumb/v7e-m/libg_nano.a(lib_a-nano-freer.o)
                0x0000000008000f78                _free_r
 .text._malloc_r
                0x0000000008001014       0xb4 /opt/gcc-arm-none-eabi-7-2017-q4-major/bin/../lib/gcc/arm-none-eabi/7.2.1/../../../../arm-none-eabi/lib/thumb/v7e-m/libg_nano.a(lib_a-nano-mallocr.o)
                0x0000000008001014                _malloc_r
 .text._realloc_r
                0x00000000080010c8       0x4c /opt/gcc-arm-none-eabi-7-2017-q4-major/bin/../lib/gcc/arm-none-eabi/7.2.1/../../../../arm-none-eabi/lib/thumb/v7e-m/libg_nano.a(lib_a-nano-reallocr.o)
                0x00000000080010c8                _realloc_r
 .text._sbrk_r  0x0000000008001114       0x20 /opt/gcc-arm-none-eabi-7-2017-q4-major/bin/../lib/gcc/arm-none-eabi/7.2.1/../../../../arm-none-eabi/lib/thumb/v7e-m/libg_nano.a(lib_a-sbrkr.o)
                0x0000000008001114                _sbrk_r
 .text.__malloc_lock
                0x0000000008001134        0x2 /opt/gcc-arm-none-eabi-7-2017-q4-major/bin/../lib/gcc/arm-none-eabi/7.2.1/../../../../arm-none-eabi/lib/thumb/v7e-m/libg_nano.a(lib_a-mlock.o)
                0x0000000008001134                __malloc_lock
 .text.__malloc_unlock
                0x0000000008001136        0x2 /opt/gcc-arm-none-eabi-7-2017-q4-major/bin/../lib/gcc/arm-none-eabi/7.2.1/../../../../arm-none-eabi/lib/thumb/v7e-m/libg_nano.a(lib_a-mlock.o)
                0x0000000008001136                __malloc_unlock
 .text._malloc_usable_size_r
                0x0000000008001138       0x10 /opt/gcc-arm-none-eabi-7-2017-q4-major/bin/../lib/gcc/arm-none-eabi/7.2.1/../../../../arm-none-eabi/lib/thumb/v7e-m/libg_nano.a(lib_a-nano-msizer.o)
                0x0000000008001138                _malloc_usable_size_r
 *(.rodata .rodata.* .constdata .constdata.*)
 .rodata.dumpExceptionStack.str1.4
                0x0000000008001148      0x11a ./system/src/cortexm/exception_handlers.o
 *fill*         0x0000000008001262        0x2 
 .rodata.str1.4
                0x0000000008001264       0x2c ./system/src/cortexm/exception_handlers.o
                                         0x2a (size before relaxing)
 .rodata._svfprintf_r.str1.1
                0x0000000008001290       0x11 /opt/gcc-arm-none-eabi-7-2017-q4-major/bin/../lib/gcc/arm-none-eabi/7.2.1/../../../../arm-none-eabi/lib/thumb/v7e-m/libg_nano.a(lib_a-nano-svfprintf.o)
 .rodata._printf_i.str1.1
                0x00000000080012a1       0x22 /opt/gcc-arm-none-eabi-7-2017-q4-major/bin/../lib/gcc/arm-none-eabi/7.2.1/../../../../arm-none-eabi/lib/thumb/v7e-m/libg_nano.a(lib_a-nano-vfprintf_i.o)
 *(vtable)
 *(.eh_frame*)
 *(.glue_7)
 .glue_7        0x00000000080012c3        0x0 linker stubs
 *(.glue_7t)
 .glue_7t       0x00000000080012c3        0x0 linker stubs

.vfp11_veneer   0x00000000080012c4        0x0
 .vfp11_veneer  0x00000000080012c4        0x0 linker stubs

.v4_bx          0x00000000080012c4        0x0
 .v4_bx         0x00000000080012c4        0x0 linker stubs

.iplt           0x00000000080012c4        0x0
 .iplt          0x00000000080012c4        0x0 ./system/src/newlib/_exit.o

.rel.dyn        0x00000000080012c4        0x0
 .rel.iplt      0x00000000080012c4        0x0 ./system/src/newlib/_exit.o

.ARM.extab
 *(.ARM.extab* .gnu.linkonce.armextab.*)
                0x00000000080012c4                . = ALIGN (0x4)
                0x00000000080012c4                __exidx_start = .

.ARM.exidx
 *(.ARM.exidx* .gnu.linkonce.armexidx.*)
                0x00000000080012c4                __exidx_end = .
                0x00000000080012c4                . = ALIGN (0x4)
                0x00000000080012c4                _etext = .
                0x00000000080012c4                __etext = .

.data_CCMRAM    0x0000000010000000        0x0 load address 0x00000000080012c4
 FILL mask 0xff
 *(.data.CCMRAM .data.CCMRAM.*)
                0x0000000010000000                . = ALIGN (0x4)
                0x00000000080012c4                _sidata = LOADADDR (.data)

.data           0x0000000020000000       0x88 load address 0x00000000080012c4
 FILL mask 0xff
                0x0000000020000000                _sdata = .
                0x0000000020000000                __data_start__ = .
 *(.data_begin .data_begin.*)
 .data_begin    0x0000000020000000        0x4 ./system/src/newlib/_startup.o
 *(.data .data.*)
 .data.argv.4310
                0x0000000020000004        0x8 ./system/src/newlib/_syscalls.o
 .data.AHBPrescTable
                0x000000002000000c       0x10 ./system/src/cmsis/system_stm32f30x.o
                0x000000002000000c                AHBPrescTable
 .data.SystemCoreClock
                0x000000002000001c        0x4 ./system/src/cmsis/system_stm32f30x.o
                0x000000002000001c                SystemCoreClock
 .data._impure_ptr
                0x0000000020000020        0x4 /opt/gcc-arm-none-eabi-7-2017-q4-major/bin/../lib/gcc/arm-none-eabi/7.2.1/../../../../arm-none-eabi/lib/thumb/v7e-m/libg_nano.a(lib_a-impure.o)
                0x0000000020000020                _impure_ptr
 .data.impure_data
                0x0000000020000024       0x60 /opt/gcc-arm-none-eabi-7-2017-q4-major/bin/../lib/gcc/arm-none-eabi/7.2.1/../../../../arm-none-eabi/lib/thumb/v7e-m/libg_nano.a(lib_a-impure.o)
 *(.data_end .data_end.*)
 .data_end      0x0000000020000084        0x4 ./system/src/newlib/_startup.o
                0x0000000020000088                . = ALIGN (0x4)
                0x0000000020000088                _edata = .
                0x0000000020000088                __data_end__ = .

.igot.plt       0x0000000020000088        0x0 load address 0x000000000800134c
 .igot.plt      0x0000000020000088        0x0 ./system/src/newlib/_exit.o

.bss_CCMRAM     0x0000000010000000        0x0
 *(.bss.CCMRAM .bss.CCMRAM.*)

.bss            0x0000000020000088       0x9c
                0x0000000020000088                __bss_start__ = .
                0x0000000020000088                _sbss = .
 *(.bss_begin .bss_begin.*)
 .bss_begin     0x0000000020000088        0x4 ./system/src/newlib/_startup.o
 *(.bss .bss.*)
 .bss.current_heap_end.3961
                0x000000002000008c        0x4 ./system/src/newlib/_sbrk.o
 .bss.name.4309
                0x0000000020000090        0x1 ./system/src/newlib/_syscalls.o
 *fill*         0x0000000020000091        0x3 
 .bss.buf.5205  0x0000000020000094       0x80 ./system/src/diag/Trace.o
 .bss.__malloc_free_list
                0x0000000020000114        0x4 /opt/gcc-arm-none-eabi-7-2017-q4-major/bin/../lib/gcc/arm-none-eabi/7.2.1/../../../../arm-none-eabi/lib/thumb/v7e-m/libg_nano.a(lib_a-nano-mallocr.o)
                0x0000000020000114                __malloc_free_list
 .bss.__malloc_sbrk_start
                0x0000000020000118        0x4 /opt/gcc-arm-none-eabi-7-2017-q4-major/bin/../lib/gcc/arm-none-eabi/7.2.1/../../../../arm-none-eabi/lib/thumb/v7e-m/libg_nano.a(lib_a-nano-mallocr.o)
                0x0000000020000118                __malloc_sbrk_start
 *(COMMON)
 COMMON         0x000000002000011c        0x4 ./system/src/newlib/_syscalls.o
                0x000000002000011c                errno
 *(.bss_end .bss_end.*)
 .bss_end       0x0000000020000120        0x4 ./system/src/newlib/_startup.o
                0x0000000020000124                . = ALIGN (0x4)
                0x0000000020000124                __bss_end__ = .
                0x0000000020000124                _ebss = .

.noinit_CCMRAM
 *(.noinit.CCMRAM .noinit.CCMRAM.*)

.noinit         0x0000000020000124        0x0
                0x0000000020000124                _noinit = .
 *(.noinit .noinit.*)
                0x0000000020000124                . = ALIGN (0x4)
                0x0000000020000124                _end_noinit = .
                [!provide]                        PROVIDE (end, _end_noinit)
                [!provide]                        PROVIDE (_end, _end_noinit)
                [!provide]                        PROVIDE (__end, _end_noinit)
                [!provide]                        PROVIDE (__end__, _end_noinit)

._check_stack   0x0000000020000124      0x100
                0x0000000020000224                . = (. + _Minimum_Stack_Size)
 *fill*         0x0000000020000124      0x100 

.b1text
 *(.b1text)
 *(.b1rodata)
 *(.b1rodata.*)

.eb0text
 *(.eb0text)
 *(.eb0rodata)
 *(.eb0rodata.*)

.eb1text
 *(.eb1text)
 *(.eb1rodata)
 *(.eb1rodata.*)

.eb2text
 *(.eb2text)
 *(.eb2rodata)
 *(.eb2rodata.*)

.eb3text
 *(.eb3text)
 *(.eb3rodata)
 *(.eb3rodata.*)

.stab
 *(.stab)

.stabstr
 *(.stabstr)

.stab.excl
 *(.stab.excl)

.stab.exclstr
 *(.stab.exclstr)

.stab.index
 *(.stab.index)

.stab.indexstr
 *(.stab.indexstr)

.comment        0x0000000000000000       0x7e
 *(.comment)
 .comment       0x0000000000000000       0x7e ./system/src/newlib/_exit.o
                                         0x7f (size before relaxing)
 .comment       0x000000000000007e       0x7f ./system/src/newlib/_sbrk.o
 .comment       0x000000000000007e       0x7f ./system/src/newlib/_startup.o
 .comment       0x000000000000007e       0x7f ./system/src/newlib/_syscalls.o
 .comment       0x000000000000007e       0x7f ./system/src/diag/Trace.o
 .comment       0x000000000000007e       0x7f ./system/src/diag/trace_impl.o
 .comment       0x000000000000007e       0x7f ./system/src/cortexm/_initialize_hardware.o
 .comment       0x000000000000007e       0x7f ./system/src/cortexm/exception_handlers.o
 .comment       0x000000000000007e       0x7f ./system/src/cmsis/system_stm32f30x.o
 .comment       0x000000000000007e       0x7f ./system/src/cmsis/vectors_stm32f30x.o
 .comment       0x000000000000007e       0x7f ./src/main.o

.ARM.attributes
                0x0000000000000000       0x31
 .ARM.attributes
                0x0000000000000000       0x33 ./system/src/newlib/_exit.o
 .ARM.attributes
                0x0000000000000033       0x33 ./system/src/newlib/_sbrk.o
 .ARM.attributes
                0x0000000000000066       0x33 ./system/src/newlib/_startup.o
 .ARM.attributes
                0x0000000000000099       0x33 ./system/src/newlib/_syscalls.o
 .ARM.attributes
                0x00000000000000cc       0x33 ./system/src/diag/Trace.o
 .ARM.attributes
                0x00000000000000ff       0x33 ./system/src/diag/trace_impl.o
 .ARM.attributes
                0x0000000000000132       0x33 ./system/src/cortexm/_initialize_hardware.o
 .ARM.attributes
                0x0000000000000165       0x33 ./system/src/cortexm/exception_handlers.o
 .ARM.attributes
                0x0000000000000198       0x33 ./system/src/cmsis/system_stm32f30x.o
 .ARM.attributes
                0x00000000000001cb       0x33 ./system/src/cmsis/vectors_stm32f30x.o
 .ARM.attributes
                0x00000000000001fe       0x33 ./src/main.o
 .ARM.attributes
                0x0000000000000231       0x2e /opt/gcc-arm-none-eabi-7-2017-q4-major/bin/../lib/gcc/arm-none-eabi/7.2.1/../../../../arm-none-eabi/lib/thumb/v7e-m/libg_nano.a(lib_a-errno.o)
 .ARM.attributes
                0x000000000000025f       0x2e /opt/gcc-arm-none-eabi-7-2017-q4-major/bin/../lib/gcc/arm-none-eabi/7.2.1/../../../../arm-none-eabi/lib/thumb/v7e-m/libg_nano.a(lib_a-impure.o)
 .ARM.attributes
                0x000000000000028d       0x2e /opt/gcc-arm-none-eabi-7-2017-q4-major/bin/../lib/gcc/arm-none-eabi/7.2.1/../../../../arm-none-eabi/lib/thumb/v7e-m/libg_nano.a(lib_a-vsnprintf.o)
 .ARM.attributes
                0x00000000000002bb       0x2e /opt/gcc-arm-none-eabi-7-2017-q4-major/bin/../lib/gcc/arm-none-eabi/7.2.1/../../../../arm-none-eabi/lib/thumb/v7e-m/libg_nano.a(lib_a-nano-svfprintf.o)
 .ARM.attributes
                0x00000000000002e9       0x2e /opt/gcc-arm-none-eabi-7-2017-q4-major/bin/../lib/gcc/arm-none-eabi/7.2.1/../../../../arm-none-eabi/lib/thumb/v7e-m/libg_nano.a(lib_a-nano-vfprintf_i.o)
 .ARM.attributes
                0x0000000000000317       0x1c /opt/gcc-arm-none-eabi-7-2017-q4-major/bin/../lib/gcc/arm-none-eabi/7.2.1/../../../../arm-none-eabi/lib/thumb/v7e-m/libg_nano.a(lib_a-memchr.o)
 .ARM.attributes
                0x0000000000000333       0x2e /opt/gcc-arm-none-eabi-7-2017-q4-major/bin/../lib/gcc/arm-none-eabi/7.2.1/../../../../arm-none-eabi/lib/thumb/v7e-m/libg_nano.a(lib_a-memcpy-stub.o)
 .ARM.attributes
                0x0000000000000361       0x2e /opt/gcc-arm-none-eabi-7-2017-q4-major/bin/../lib/gcc/arm-none-eabi/7.2.1/../../../../arm-none-eabi/lib/thumb/v7e-m/libg_nano.a(lib_a-memmove.o)
 .ARM.attributes
                0x000000000000038f       0x2e /opt/gcc-arm-none-eabi-7-2017-q4-major/bin/../lib/gcc/arm-none-eabi/7.2.1/../../../../arm-none-eabi/lib/thumb/v7e-m/libg_nano.a(lib_a-nano-freer.o)
 .ARM.attributes
                0x00000000000003bd       0x2e /opt/gcc-arm-none-eabi-7-2017-q4-major/bin/../lib/gcc/arm-none-eabi/7.2.1/../../../../arm-none-eabi/lib/thumb/v7e-m/libg_nano.a(lib_a-nano-mallocr.o)
 .ARM.attributes
                0x00000000000003eb       0x2e /opt/gcc-arm-none-eabi-7-2017-q4-major/bin/../lib/gcc/arm-none-eabi/7.2.1/../../../../arm-none-eabi/lib/thumb/v7e-m/libg_nano.a(lib_a-nano-reallocr.o)
 .ARM.attributes
                0x0000000000000419       0x2e /opt/gcc-arm-none-eabi-7-2017-q4-major/bin/../lib/gcc/arm-none-eabi/7.2.1/../../../../arm-none-eabi/lib/thumb/v7e-m/libg_nano.a(lib_a-sbrkr.o)
 .ARM.attributes
                0x0000000000000447       0x2e /opt/gcc-arm-none-eabi-7-2017-q4-major/bin/../lib/gcc/arm-none-eabi/7.2.1/../../../../arm-none-eabi/lib/thumb/v7e-m/libg_nano.a(lib_a-mlock.o)
 .ARM.attributes
                0x0000000000000475       0x2e /opt/gcc-arm-none-eabi-7-2017-q4-major/bin/../lib/gcc/arm-none-eabi/7.2.1/../../../../arm-none-eabi/lib/thumb/v7e-m/libg_nano.a(lib_a-nano-msizer.o)

.debug
 *(.debug)

.line
 *(.line)

.debug_srcinfo
 *(.debug_srcinfo)

.debug_sfnames
 *(.debug_sfnames)

.debug_aranges  0x0000000000000000      0x250
 *(.debug_aranges)
 .debug_aranges
                0x0000000000000000       0x28 ./system/src/newlib/_exit.o
 .debug_aranges
                0x0000000000000028       0x20 ./system/src/newlib/_sbrk.o
 .debug_aranges
                0x0000000000000048       0x40 ./system/src/newlib/_startup.o
 .debug_aranges
                0x0000000000000088       0x30 ./system/src/newlib/_syscalls.o
 .debug_aranges
                0x00000000000000b8       0x38 ./system/src/diag/Trace.o
 .debug_aranges
                0x00000000000000f0       0x30 ./system/src/diag/trace_impl.o
 .debug_aranges
                0x0000000000000120       0x28 ./system/src/cortexm/_initialize_hardware.o
 .debug_aranges
                0x0000000000000148       0x90 ./system/src/cortexm/exception_handlers.o
 .debug_aranges
                0x00000000000001d8       0x30 ./system/src/cmsis/system_stm32f30x.o
 .debug_aranges
                0x0000000000000208       0x20 ./system/src/cmsis/vectors_stm32f30x.o
 .debug_aranges
                0x0000000000000228       0x28 ./src/main.o

.debug_pubnames
 *(.debug_pubnames)

.debug_info     0x0000000000000000     0x4c48
 *(.debug_info .gnu.linkonce.wi.*)
 .debug_info    0x0000000000000000      0x956 ./system/src/newlib/_exit.o
 .debug_info    0x0000000000000956      0x942 ./system/src/newlib/_sbrk.o
 .debug_info    0x0000000000001298      0x4bf ./system/src/newlib/_startup.o
 .debug_info    0x0000000000001757      0xa19 ./system/src/newlib/_syscalls.o
 .debug_info    0x0000000000002170      0xb2a ./system/src/diag/Trace.o
 .debug_info    0x0000000000002c9a      0x363 ./system/src/diag/trace_impl.o
 .debug_info    0x0000000000002ffd      0x2b5 ./system/src/cortexm/_initialize_hardware.o
 .debug_info    0x00000000000032b2     0x115a ./system/src/cortexm/exception_handlers.o
 .debug_info    0x000000000000440c      0x4a6 ./system/src/cmsis/system_stm32f30x.o
 .debug_info    0x00000000000048b2       0xca ./system/src/cmsis/vectors_stm32f30x.o
 .debug_info    0x000000000000497c      0x2cc ./src/main.o

.debug_abbrev   0x0000000000000000     0x138e
 *(.debug_abbrev)
 .debug_abbrev  0x0000000000000000      0x1f3 ./system/src/newlib/_exit.o
 .debug_abbrev  0x00000000000001f3      0x1fc ./system/src/newlib/_sbrk.o
 .debug_abbrev  0x00000000000003ef      0x1cb ./system/src/newlib/_startup.o
 .debug_abbrev  0x00000000000005ba      0x234 ./system/src/newlib/_syscalls.o
 .debug_abbrev  0x00000000000007ee      0x276 ./system/src/diag/Trace.o
 .debug_abbrev  0x0000000000000a64      0x1e2 ./system/src/diag/trace_impl.o
 .debug_abbrev  0x0000000000000c46       0xea ./system/src/cortexm/_initialize_hardware.o
 .debug_abbrev  0x0000000000000d30      0x32b ./system/src/cortexm/exception_handlers.o
 .debug_abbrev  0x000000000000105b      0x177 ./system/src/cmsis/system_stm32f30x.o
 .debug_abbrev  0x00000000000011d2       0x9d ./system/src/cmsis/vectors_stm32f30x.o
 .debug_abbrev  0x000000000000126f      0x11f ./src/main.o

.debug_line     0x0000000000000000     0x2918
 *(.debug_line)
 .debug_line    0x0000000000000000      0x313 ./system/src/newlib/_exit.o
 .debug_line    0x0000000000000313      0x2c7 ./system/src/newlib/_sbrk.o
 .debug_line    0x00000000000005da      0x38f ./system/src/newlib/_startup.o
 .debug_line    0x0000000000000969      0x3ce ./system/src/newlib/_syscalls.o
 .debug_line    0x0000000000000d37      0x38f ./system/src/diag/Trace.o
 .debug_line    0x00000000000010c6      0x608 ./system/src/diag/trace_impl.o
 .debug_line    0x00000000000016ce      0x371 ./system/src/cortexm/_initialize_hardware.o
 .debug_line    0x0000000000001a3f      0x6ca ./system/src/cortexm/exception_handlers.o
 .debug_line    0x0000000000002109      0x3bb ./system/src/cmsis/system_stm32f30x.o
 .debug_line    0x00000000000024c4       0xf1 ./system/src/cmsis/vectors_stm32f30x.o
 .debug_line    0x00000000000025b5      0x363 ./src/main.o

.debug_frame    0x0000000000000000      0x738
 *(.debug_frame)
 .debug_frame   0x0000000000000000       0x38 ./system/src/newlib/_exit.o
 .debug_frame   0x0000000000000038       0x28 ./system/src/newlib/_sbrk.o
 .debug_frame   0x0000000000000060       0x7c ./system/src/newlib/_startup.o
 .debug_frame   0x00000000000000dc       0x50 ./system/src/newlib/_syscalls.o
 .debug_frame   0x000000000000012c       0x94 ./system/src/diag/Trace.o
 .debug_frame   0x00000000000001c0       0x64 ./system/src/diag/trace_impl.o
 .debug_frame   0x0000000000000224       0x40 ./system/src/cortexm/_initialize_hardware.o
 .debug_frame   0x0000000000000264      0x158 ./system/src/cortexm/exception_handlers.o
 .debug_frame   0x00000000000003bc       0x54 ./system/src/cmsis/system_stm32f30x.o
 .debug_frame   0x0000000000000410       0x20 ./system/src/cmsis/vectors_stm32f30x.o
 .debug_frame   0x0000000000000430       0x40 ./src/main.o
 .debug_frame   0x0000000000000470       0x20 /opt/gcc-arm-none-eabi-7-2017-q4-major/bin/../lib/gcc/arm-none-eabi/7.2.1/../../../../arm-none-eabi/lib/thumb/v7e-m/libg_nano.a(lib_a-errno.o)
 .debug_frame   0x0000000000000490       0x4c /opt/gcc-arm-none-eabi-7-2017-q4-major/bin/../lib/gcc/arm-none-eabi/7.2.1/../../../../arm-none-eabi/lib/thumb/v7e-m/libg_nano.a(lib_a-vsnprintf.o)
 .debug_frame   0x00000000000004dc       0x90 /opt/gcc-arm-none-eabi-7-2017-q4-major/bin/../lib/gcc/arm-none-eabi/7.2.1/../../../../arm-none-eabi/lib/thumb/v7e-m/libg_nano.a(lib_a-nano-svfprintf.o)
 .debug_frame   0x000000000000056c       0x60 /opt/gcc-arm-none-eabi-7-2017-q4-major/bin/../lib/gcc/arm-none-eabi/7.2.1/../../../../arm-none-eabi/lib/thumb/v7e-m/libg_nano.a(lib_a-nano-vfprintf_i.o)
 .debug_frame   0x00000000000005cc       0x28 /opt/gcc-arm-none-eabi-7-2017-q4-major/bin/../lib/gcc/arm-none-eabi/7.2.1/../../../../arm-none-eabi/lib/thumb/v7e-m/libg_nano.a(lib_a-memcpy-stub.o)
 .debug_frame   0x00000000000005f4       0x28 /opt/gcc-arm-none-eabi-7-2017-q4-major/bin/../lib/gcc/arm-none-eabi/7.2.1/../../../../arm-none-eabi/lib/thumb/v7e-m/libg_nano.a(lib_a-memmove.o)
 .debug_frame   0x000000000000061c       0x38 /opt/gcc-arm-none-eabi-7-2017-q4-major/bin/../lib/gcc/arm-none-eabi/7.2.1/../../../../arm-none-eabi/lib/thumb/v7e-m/libg_nano.a(lib_a-nano-freer.o)
 .debug_frame   0x0000000000000654       0x2c /opt/gcc-arm-none-eabi-7-2017-q4-major/bin/../lib/gcc/arm-none-eabi/7.2.1/../../../../arm-none-eabi/lib/thumb/v7e-m/libg_nano.a(lib_a-nano-mallocr.o)
 .debug_frame   0x0000000000000680       0x3c /opt/gcc-arm-none-eabi-7-2017-q4-major/bin/../lib/gcc/arm-none-eabi/7.2.1/../../../../arm-none-eabi/lib/thumb/v7e-m/libg_nano.a(lib_a-nano-reallocr.o)
 .debug_frame   0x00000000000006bc       0x2c /opt/gcc-arm-none-eabi-7-2017-q4-major/bin/../lib/gcc/arm-none-eabi/7.2.1/../../../../arm-none-eabi/lib/thumb/v7e-m/libg_nano.a(lib_a-sbrkr.o)
 .debug_frame   0x00000000000006e8       0x30 /opt/gcc-arm-none-eabi-7-2017-q4-major/bin/../lib/gcc/arm-none-eabi/7.2.1/../../../../arm-none-eabi/lib/thumb/v7e-m/libg_nano.a(lib_a-mlock.o)
 .debug_frame   0x0000000000000718       0x20 /opt/gcc-arm-none-eabi-7-2017-q4-major/bin/../lib/gcc/arm-none-eabi/7.2.1/../../../../arm-none-eabi/lib/thumb/v7e-m/libg_nano.a(lib_a-nano-msizer.o)

.debug_str      0x0000000000000000    0x5b0a3
 *(.debug_str)
 .debug_str     0x0000000000000000     0x7d17 ./system/src/newlib/_exit.o
                                       0x7eea (size before relaxing)
 .debug_str     0x0000000000007d17      0x4f5 ./system/src/newlib/_sbrk.o
                                       0x729c (size before relaxing)
 .debug_str     0x000000000000820c      0xc23 ./system/src/newlib/_startup.o
                                       0x6a3d (size before relaxing)
 .debug_str     0x0000000000008e2f      0xe8b ./system/src/newlib/_syscalls.o
                                       0x8177 (size before relaxing)
 .debug_str     0x0000000000009cba      0x826 ./system/src/diag/Trace.o
                                       0x8662 (size before relaxing)
 .debug_str     0x000000000000a4e0    0x5078e ./system/src/diag/trace_impl.o
                                      0x57f1d (size before relaxing)
 .debug_str     0x000000000005ac6e       0xc4 ./system/src/cortexm/_initialize_hardware.o
                                      0x53d0e (size before relaxing)
 .debug_str     0x000000000005ad32      0x1a6 ./system/src/cortexm/exception_handlers.o
                                      0x59142 (size before relaxing)
 .debug_str     0x000000000005aed8      0x10b ./system/src/cmsis/system_stm32f30x.o
                                      0x53d9f (size before relaxing)
 .debug_str     0x000000000005afe3       0x57 ./system/src/cmsis/vectors_stm32f30x.o
                                       0x3878 (size before relaxing)
 .debug_str     0x000000000005b03a       0x69 ./src/main.o
                                      0x53cda (size before relaxing)

.debug_loc      0x0000000000000000      0x95a
 *(.debug_loc)
 .debug_loc     0x0000000000000000       0x85 ./system/src/newlib/_sbrk.o
 .debug_loc     0x0000000000000085      0x2cb ./system/src/newlib/_startup.o
 .debug_loc     0x0000000000000350       0x63 ./system/src/newlib/_syscalls.o
 .debug_loc     0x00000000000003b3       0xf6 ./system/src/diag/Trace.o
 .debug_loc     0x00000000000004a9      0x121 ./system/src/diag/trace_impl.o
 .debug_loc     0x00000000000005ca      0x291 ./system/src/cortexm/exception_handlers.o
 .debug_loc     0x000000000000085b       0xff ./system/src/cmsis/system_stm32f30x.o

.debug_macinfo
 *(.debug_macinfo)

.debug_weaknames
 *(.debug_weaknames)

.debug_funcnames
 *(.debug_funcnames)

.debug_typenames
 *(.debug_typenames)

.debug_varnames
 *(.debug_varnames)
OUTPUT(ARMBlinkLED.elf elf32-littlearm)

.debug_ranges   0x0000000000000000      0x230
 .debug_ranges  0x0000000000000000       0x18 ./system/src/newlib/_exit.o
 .debug_ranges  0x0000000000000018       0x10 ./system/src/newlib/_sbrk.o
 .debug_ranges  0x0000000000000028       0x90 ./system/src/newlib/_startup.o
 .debug_ranges  0x00000000000000b8       0x20 ./system/src/newlib/_syscalls.o
 .debug_ranges  0x00000000000000d8       0x28 ./system/src/diag/Trace.o
 .debug_ranges  0x0000000000000100       0x50 ./system/src/diag/trace_impl.o
 .debug_ranges  0x0000000000000150       0x18 ./system/src/cortexm/_initialize_hardware.o
 .debug_ranges  0x0000000000000168       0x80 ./system/src/cortexm/exception_handlers.o
 .debug_ranges  0x00000000000001e8       0x20 ./system/src/cmsis/system_stm32f30x.o
 .debug_ranges  0x0000000000000208       0x10 ./system/src/cmsis/vectors_stm32f30x.o
 .debug_ranges  0x0000000000000218       0x18 ./src/main.o

.debug_macro    0x0000000000000000     0x31d4
 .debug_macro   0x0000000000000000      0x1b4 ./system/src/newlib/_exit.o
 .debug_macro   0x00000000000001b4       0x9c ./system/src/newlib/_exit.o
 .debug_macro   0x0000000000000250      0x10e ./system/src/newlib/_exit.o
 .debug_macro   0x000000000000035e       0x8d ./system/src/newlib/_exit.o
 .debug_macro   0x00000000000003eb       0x43 ./system/src/newlib/_exit.o
 .debug_macro   0x000000000000042e      0x330 ./system/src/newlib/_exit.o
 .debug_macro   0x000000000000075e       0x35 ./system/src/newlib/_exit.o
 .debug_macro   0x0000000000000793      0x169 ./system/src/newlib/_sbrk.o
 .debug_macro   0x00000000000008fc      0x174 ./system/src/newlib/_sbrk.o
 .debug_macro   0x0000000000000a70       0x10 ./system/src/newlib/_sbrk.o
 .debug_macro   0x0000000000000a80      0x23b ./system/src/newlib/_sbrk.o
 .debug_macro   0x0000000000000cbb      0x173 ./system/src/newlib/_startup.o
 .debug_macro   0x0000000000000e2e      0xa72 ./system/src/newlib/_startup.o
 .debug_macro   0x00000000000018a0      0x217 ./system/src/newlib/_syscalls.o
 .debug_macro   0x0000000000001ab7       0x1c ./system/src/newlib/_syscalls.o
 .debug_macro   0x0000000000001ad3       0x10 ./system/src/newlib/_syscalls.o
 .debug_macro   0x0000000000001ae3       0x10 ./system/src/newlib/_syscalls.o
 .debug_macro   0x0000000000001af3       0x10 ./system/src/newlib/_syscalls.o
 .debug_macro   0x0000000000001b03       0x35 ./system/src/newlib/_syscalls.o
 .debug_macro   0x0000000000001b38      0x122 ./system/src/newlib/_syscalls.o
 .debug_macro   0x0000000000001c5a       0x88 ./system/src/newlib/_syscalls.o
 .debug_macro   0x0000000000001ce2       0x2b ./system/src/newlib/_syscalls.o
 .debug_macro   0x0000000000001d0d      0x118 ./system/src/newlib/_syscalls.o
 .debug_macro   0x0000000000001e25      0x189 ./system/src/newlib/_syscalls.o
 .debug_macro   0x0000000000001fae       0x16 ./system/src/newlib/_syscalls.o
 .debug_macro   0x0000000000001fc4      0x1fb ./system/src/diag/Trace.o
 .debug_macro   0x00000000000021bf       0x16 ./system/src/diag/Trace.o
 .debug_macro   0x00000000000021d5       0x97 ./system/src/diag/Trace.o
 .debug_macro   0x000000000000226c       0xfd ./system/src/diag/Trace.o
 .debug_macro   0x0000000000002369       0x10 ./system/src/diag/Trace.o
 .debug_macro   0x0000000000002379       0x16 ./system/src/diag/Trace.o
 .debug_macro   0x000000000000238f      0x16f ./system/src/diag/Trace.o
 .debug_macro   0x00000000000024fe       0x4c ./system/src/diag/Trace.o
 .debug_macro   0x000000000000254a       0x16 ./system/src/diag/Trace.o
 .debug_macro   0x0000000000002560      0x2db ./system/src/diag/trace_impl.o
 .debug_macro   0x000000000000283b       0x10 ./system/src/diag/trace_impl.o
 .debug_macro   0x000000000000284b       0xcf ./system/src/diag/trace_impl.o
 .debug_macro   0x000000000000291a       0xbe ./system/src/diag/trace_impl.o
 .debug_macro   0x00000000000029d8       0x22 ./system/src/diag/trace_impl.o
 .debug_macro   0x00000000000029fa      0x16c ./system/src/cortexm/_initialize_hardware.o
 .debug_macro   0x0000000000002b66      0x325 ./system/src/cortexm/exception_handlers.o
 .debug_macro   0x0000000000002e8b       0x3b ./system/src/cortexm/exception_handlers.o
 .debug_macro   0x0000000000002ec6       0x10 ./system/src/cortexm/exception_handlers.o
 .debug_macro   0x0000000000002ed6      0x168 ./system/src/cmsis/system_stm32f30x.o
 .debug_macro   0x000000000000303e       0x34 ./system/src/cmsis/vectors_stm32f30x.o
 .debug_macro   0x0000000000003072      0x162 ./src/main.o
